
Memory Configuration

Name             Origin             Length             Attributes
FLASH            0x08000000         0x00080000         rw
RAM              0x20000000         0x00014000         xrw
*default*        0x00000000         0xffffffff

Linker script and memory map

LOAD main.o
LOAD start.o

.text           0x08000000      0x28c
 *(.isr_vector)
 .isr_vector    0x08000000      0x184 start.o
                0x08000000                vector
 *(.text)
 .text          0x08000184       0x70 main.o
                0x08000184                _init
                0x08000190                main
 .text          0x080001f4       0x98 start.o
                0x080001f4                ADC12_HANDLERIRQ
                0x080001f4                WWDG_HANDLERIRQ
                0x080001f4                USART1_HANDLERIRQ
                0x080001f4                TIM20UP_HANDLERIRQ
                0x080001f4                DMA2CH2_HANDLERIRQ
                0x080001f4                FLASH_HANDLERIRQ
                0x080001f4                DMA1CH1_HANDLERIRQ
                0x080001f4                USBHP_HANDLERIRQ
                0x080001f4                TIM2_HANDLERIRQ
                0x080001f4                SPI4_HANDLERIRQ
                0x080001f4                EXTI4_HANDLERIRQ
                0x080001f4                COMP456_HANDLERIRQ
                0x080001f4                RTCALRM_HANDLERIRQ
                0x080001f4                EXTI95_HANDLERIRQ
                0x080001f4                SysTick_HANDLERIRQ
                0x080001f4                EXTI2TS_HANDLERIRQ
                0x080001f4                DMA1CH6_HANDLERIRQ
                0x080001f4                RCC_HANDLERIRQ
                0x080001f4                USBRMP_HANDLERIRQ
                0x080001f4                DMA2CH4_HANDLERIRQ
                0x080001f4                USART3_HANDLERIRQ
                0x080001f4                TIM20CC_HANDLERIRQ
                0x080001f4                EXTI1_HANDLERIRQ
                0x080001f4                TIIM8TRG_HANDLERIRQ
                0x080001f4                TIM4_HANDLERIRQ
                0x080001f4                FMC_HANDLERIRQ
                0x080001f4                TIM7_HANDLERIRQ
                0x080001f4                USART2_HANDLERIRQ
                0x080001f4                USBLP_HANDLERIRQ
                0x080001f4                ADC4_HANDLERIRQ
                0x080001f4                I2C2EV_HANDLERIRQ
                0x080001f4                DMA1CH3_HANDLERIRQ
                0x080001f4                COMP7_HANDLERIRQ
                0x080001f4                UsageFault_HANDLERIRQ
                0x080001f4                DMA1CH5_HANDLERIRQ
                0x080001f4                COMP123_HANDLERIRQ
                0x080001f4                I2C1EV_HANDLERIRQ
                0x080001f4                USBWKUP_HANDLERIRQ
                0x080001f4                HardFault_HANDLERIRQ
                0x080001f4                TIM1UP_HANDLERIRQ
                0x080001f4                RTCWKUP_HANDLERIRQ
                0x080001f4                I2C3ER_HANDLERIRQ
                0x080001f4                SPI1_HANDLERIRQ
                0x080001f4                UART4_HANDLERIRQ
                0x080001f4                PendSV_HANDLERIRQ
                0x080001f4                DMA2CH1_HANDLERIRQ
                0x080001f4                Default_Handler
                0x080001f4                EXTI3_HANDLERIRQ
                0x080001f4                CANRX1_HANDLERIRQ
                0x080001f4                TIM8CC_HANDLERIRQ
                0x080001f4                EXTI0_HANDLERIRQ
                0x080001f4                SPI3_HANDLERIRQ
                0x080001f4                DMA1CH2_HANDLERIRQ
                0x080001f4                TIM1BRK_HANDLERIRQ
                0x080001f4                TIM20BRK_HANDLERIRQ
                0x080001f4                TIM1TRG_HANDLERIRQ
                0x080001f4                TAMPERST_HANDLERIRQ
                0x080001f4                TIM20TRG_HANDLERIRQ
                0x080001f4                CANTX_HANDLERIRQ
                0x080001f4                I2C3EV_HANDLERIRQ
                0x080001f4                CANRX0_HANDLERIRQ
                0x080001f4                DMA1CH7_HANDLERIRQ
                0x080001f4                DMA1CH4_HANDLERIRQ
                0x080001f4                TIM3_HANDLERIRQ
                0x080001f4                SPI2_HANDLERIRQ
                0x080001f4                CANSCE_HANDLERIRQ
                0x080001f4                I2C2ER_HANDLERIRQ
                0x080001f4                PVD_HANDLERIRQ
                0x080001f4                MemManage_HANDLERIRQ
                0x080001f4                TIM8UP_HANDLERIRQ
                0x080001f4                DMA2CH3_HANDLERIRQ
                0x080001f4                EXTI1510_HANDLERIRQ
                0x080001f4                I2C1ER_HANDLERIRQ
                0x080001f4                TIM6DAC_HANDLERIRQ
                0x080001f4                BusFault_HANDLERIRQ
                0x080001f4                FPU_HANDLERIRQ
                0x080001f4                UART5_HANDLERIRQ
                0x080001f4                ADC3_HANDLERIRQ
                0x080001f4                TIM1CC_HANDLERIRQ
                0x080001f4                SVCall_HANDLERIRQ
                0x080001f4                TIM8BRK_HANDLERIRQ
                0x080001f4                NMI_HANDLERIRQ
                0x080001f4                DMA2CH5_HANDLERIRQ
                0x080001fa                Reset_Handler
                0x08000280                __libc_init_array
 *(.rodata)
                0x0800028c                . = ALIGN (0x4)
                0x0800028c                _etext = .
                0x20000000                _sidata = LOADADDR (.data)

.glue_7         0x0800028c        0x0
 .glue_7        0x0800028c        0x0 linker stubs

.glue_7t        0x0800028c        0x0
 .glue_7t       0x0800028c        0x0 linker stubs

.vfp11_veneer   0x0800028c        0x0
 .vfp11_veneer  0x0800028c        0x0 linker stubs

.v4_bx          0x0800028c        0x0
 .v4_bx         0x0800028c        0x0 linker stubs

.iplt           0x0800028c        0x0
 .iplt          0x0800028c        0x0 start.o

.rel.dyn        0x0800028c        0x0
 .rel.iplt      0x0800028c        0x0 start.o

.data           0x0800028c        0x0 load address 0x20000000
                0x0800028c                _sdata = .
                0x0800028c                . = ALIGN (0x4)
 *(.data)
 .data          0x0800028c        0x0 main.o
 .data          0x0800028c        0x0 start.o
                0x0800028c                . = ALIGN (0x4)
                0x0800028c                _edata = .

.igot.plt       0x0800028c        0x0 load address 0x20000000
 .igot.plt      0x0800028c        0x0 start.o

.bss            0x20000000        0x0
                0x20000000                _sbss = .
                0x20000000                . = ALIGN (0x4)
 *(.bss)
 .bss           0x20000000        0x0 main.o
 .bss           0x20000000        0x0 start.o
 *(COMMON)
                0x20000000                . = ALIGN (0x4)
                0x20000000                _ebss = .
OUTPUT(final.elf elf32-littlearm)
LOAD linker stubs

.debug_info     0x00000000      0x3c9
 .debug_info    0x00000000      0x231 main.o
 .debug_info    0x00000231      0x198 start.o

.debug_abbrev   0x00000000      0x19d
 .debug_abbrev  0x00000000       0xb0 main.o
 .debug_abbrev  0x000000b0       0xed start.o

.debug_aranges  0x00000000       0x40
 .debug_aranges
                0x00000000       0x20 main.o
 .debug_aranges
                0x00000020       0x20 start.o

.debug_line     0x00000000      0x270
 .debug_line    0x00000000      0x13b main.o
 .debug_line    0x0000013b      0x135 start.o

.debug_str      0x00000000      0x2ad
 .debug_str     0x00000000      0x22b main.o
                                0x268 (size before relaxing)
 .debug_str     0x0000022b       0x82 start.o
                                0x1c3 (size before relaxing)

.comment        0x00000000       0x49
 .comment       0x00000000       0x49 main.o
                                 0x4a (size before relaxing)
 .comment       0x00000049       0x4a start.o

.ARM.attributes
                0x00000000       0x2e
 .ARM.attributes
                0x00000000       0x2e main.o
 .ARM.attributes
                0x0000002e       0x2e start.o

.debug_frame    0x00000000       0xb8
 .debug_frame   0x00000000       0x4c main.o
 .debug_frame   0x0000004c       0x6c start.o
